#-----------------------------------------------------------
# Vivado v2019.1 (64-bit)
# SW Build 2552052 on Fri May 24 14:47:09 MDT 2019
# IP Build 2548770 on Fri May 24 18:01:18 MDT 2019
# Start of session at: Wed Feb 11 02:32:17 2026
# Process ID: 104039
# Current directory: /home/lijinming/xiaohe-env/xs-env/NutShell/fpga
# Command line: vivado board/pynq/build/myproject-pynq/myproject-pynq.xpr
# Log file: /home/lijinming/xiaohe-env/xs-env/NutShell/fpga/vivado.log
# Journal file: /home/lijinming/xiaohe-env/xs-env/NutShell/fpga/vivado.jou
#-----------------------------------------------------------
start_gui
open_project board/pynq/build/myproject-pynq/myproject-pynq.xpr
Scanning sources...
Finished scanning sources
INFO: [IP_Flow 19-234] Refreshing IP repositories
INFO: [IP_Flow 19-1704] No user IP repositories specified
INFO: [IP_Flow 19-2313] Loaded Vivado IP repository '/home/lijinming/vivado/Vivado/2019.1/data/ip'.
open_project: Time (s): cpu = 00:00:19 ; elapsed = 00:00:07 . Memory (MB): peak = 6628.758 ; gain = 118.523 ; free physical = 253685 ; free virtual = 257552
update_compile_order -fileset sources_1
open_bd_design {/home/lijinming/xiaohe-env/xs-env/NutShell/fpga/board/pynq/build/myproject-pynq/myproject-pynq.srcs/sources_1/bd/system_top/system_top.bd}
Adding component instance block -- xilinx.com:ip:axi_interconnect:2.1 - axi_interconnect_0
Adding component instance block -- xilinx.com:ip:axi_clock_converter:2.1 - auto_cc
Adding component instance block -- xilinx.com:ip:axi_protocol_converter:2.1 - auto_pc
Adding component instance block -- xilinx.com:ip:axi_interconnect:2.1 - axi_interconnect_1
Adding component instance block -- xilinx.com:ip:axi_crossbar:2.1 - xbar
Adding component instance block -- xilinx.com:ip:axi_protocol_converter:2.1 - auto_pc
Adding component instance block -- xilinx.com:ip:axi_dwidth_converter:2.1 - auto_us
Adding component instance block -- xilinx.com:ip:axi_dwidth_converter:2.1 - auto_ds
Adding component instance block -- xilinx.com:ip:axi_protocol_converter:2.1 - auto_pc
Adding component instance block -- xilinx.com:ip:axi_clock_converter:2.1 - auto_cc
Adding component instance block -- xilinx.com:ip:axi_interconnect:2.1 - axi_interconnect_2
Adding component instance block -- xilinx.com:ip:axi_clock_converter:2.1 - auto_cc
Adding component instance block -- xilinx.com:ip:axi_dwidth_converter:2.1 - auto_ds
Adding component instance block -- xilinx.com:ip:axi_protocol_converter:2.1 - auto_pc
Adding component instance block -- xilinx.com:ip:axi_gpio:2.0 - axi_gpio_0
Adding component instance block -- xilinx.com:ip:clk_wiz:6.0 - clk_wiz_0
Adding component instance block -- xilinx.com:ip:proc_sys_reset:5.0 - uncorerst
Adding component instance block -- xilinx.com:ip:processing_system7:5.5 - processing_system7_0
Adding component instance block -- xilinx.com:module_ref:NutShell:1.0 - NutShell_0
Adding component instance block -- xilinx.com:ip:axi_protocol_converter:2.1 - axi_protocol_convert_0
Adding component instance block -- xilinx.com:ip:axi_protocol_converter:2.1 - axi_protocol_convert_1
Adding component instance block -- xilinx.com:ip:c_shift_ram:12.0 - c_shift_ram_0
Adding component instance block -- xilinx.com:ip:c_shift_ram:12.0 - c_shift_ram_1
Adding component instance block -- xilinx.com:ip:system_ila:1.1 - system_ila_0
Adding component instance block -- xilinx.com:ip:util_vector_logic:2.0 - util_vector_logic_0
WARNING: [BD 41-1731] Type mismatch between connected pins: /rv_system/corerstn(data) and /rv_system/axi_protocol_convert_0/aresetn(rst)
WARNING: [BD 41-1731] Type mismatch between connected pins: /rv_system/corerstn(data) and /rv_system/axi_protocol_convert_1/aresetn(rst)
Adding component instance block -- xilinx.com:ip:xlconcat:2.1 - xlconcat_0
Successfully read diagram <system_top> from BD file </home/lijinming/xiaohe-env/xs-env/NutShell/fpga/board/pynq/build/myproject-pynq/myproject-pynq.srcs/sources_1/bd/system_top/system_top.bd>
delete_bd_objs [get_bd_nets rv_system/NutShell_0_io_ila_WBUpc] [get_bd_nets rv_system/NutShell_0_io_ila_WBUvalid] [get_bd_nets rv_system/NutShell_0_io_ila_WBUrfWen] [get_bd_nets rv_system/NutShell_0_io_ila_WBUrfDest] [get_bd_nets rv_system/NutShell_0_io_ila_WBUrfData] [get_bd_nets rv_system/NutShell_0_io_ila_InstrCnt] [get_bd_cells rv_system/system_ila_0]
CRITICAL WARNING: [PSU-1]  Parameter : PCW_UIPARAM_DDR_DQS_TO_CLK_DELAY_0 has negative value -0.051 . PS DDR interfaces might fail when entering negative DQS skew values. 
CRITICAL WARNING: [PSU-2]  Parameter : PCW_UIPARAM_DDR_DQS_TO_CLK_DELAY_1 has negative value -0.006 . PS DDR interfaces might fail when entering negative DQS skew values. 
CRITICAL WARNING: [PSU-3]  Parameter : PCW_UIPARAM_DDR_DQS_TO_CLK_DELAY_2 has negative value -0.009 . PS DDR interfaces might fail when entering negative DQS skew values. 
CRITICAL WARNING: [PSU-4]  Parameter : PCW_UIPARAM_DDR_DQS_TO_CLK_DELAY_3 has negative value -0.033 . PS DDR interfaces might fail when entering negative DQS skew values. 
CRITICAL WARNING: [PSU-1]  Parameter : PCW_UIPARAM_DDR_DQS_TO_CLK_DELAY_0 has negative value -0.051 . PS DDR interfaces might fail when entering negative DQS skew values. 
CRITICAL WARNING: [PSU-2]  Parameter : PCW_UIPARAM_DDR_DQS_TO_CLK_DELAY_1 has negative value -0.006 . PS DDR interfaces might fail when entering negative DQS skew values. 
CRITICAL WARNING: [PSU-3]  Parameter : PCW_UIPARAM_DDR_DQS_TO_CLK_DELAY_2 has negative value -0.009 . PS DDR interfaces might fail when entering negative DQS skew values. 
CRITICAL WARNING: [PSU-4]  Parameter : PCW_UIPARAM_DDR_DQS_TO_CLK_DELAY_3 has negative value -0.033 . PS DDR interfaces might fail when entering negative DQS skew values. 
WARNING: [IP_Flow 19-474] Invalid Parameter 'Component_Name'
CRITICAL WARNING: [PSU-1]  Parameter : PCW_UIPARAM_DDR_DQS_TO_CLK_DELAY_0 has negative value -0.051 . PS DDR interfaces might fail when entering negative DQS skew values. 
CRITICAL WARNING: [PSU-2]  Parameter : PCW_UIPARAM_DDR_DQS_TO_CLK_DELAY_1 has negative value -0.006 . PS DDR interfaces might fail when entering negative DQS skew values. 
CRITICAL WARNING: [PSU-3]  Parameter : PCW_UIPARAM_DDR_DQS_TO_CLK_DELAY_2 has negative value -0.009 . PS DDR interfaces might fail when entering negative DQS skew values. 
CRITICAL WARNING: [PSU-4]  Parameter : PCW_UIPARAM_DDR_DQS_TO_CLK_DELAY_3 has negative value -0.033 . PS DDR interfaces might fail when entering negative DQS skew values. 
startgroup
set_property -dict [list CONFIG.PCW_UIPARAM_DDR_PARTNO {MT41J256M8 HX-15E}] [get_bd_cells processing_system7_0]
CRITICAL WARNING: [PSU-1]  Parameter : PCW_UIPARAM_DDR_DQS_TO_CLK_DELAY_0 has negative value -0.051 . PS DDR interfaces might fail when entering negative DQS skew values. 
CRITICAL WARNING: [PSU-2]  Parameter : PCW_UIPARAM_DDR_DQS_TO_CLK_DELAY_1 has negative value -0.006 . PS DDR interfaces might fail when entering negative DQS skew values. 
CRITICAL WARNING: [PSU-3]  Parameter : PCW_UIPARAM_DDR_DQS_TO_CLK_DELAY_2 has negative value -0.009 . PS DDR interfaces might fail when entering negative DQS skew values. 
CRITICAL WARNING: [PSU-4]  Parameter : PCW_UIPARAM_DDR_DQS_TO_CLK_DELAY_3 has negative value -0.033 . PS DDR interfaces might fail when entering negative DQS skew values. 
endgroup
CRITICAL WARNING: [PSU-1]  Parameter : PCW_UIPARAM_DDR_DQS_TO_CLK_DELAY_0 has negative value -0.051 . PS DDR interfaces might fail when entering negative DQS skew values. 
CRITICAL WARNING: [PSU-2]  Parameter : PCW_UIPARAM_DDR_DQS_TO_CLK_DELAY_1 has negative value -0.006 . PS DDR interfaces might fail when entering negative DQS skew values. 
CRITICAL WARNING: [PSU-3]  Parameter : PCW_UIPARAM_DDR_DQS_TO_CLK_DELAY_2 has negative value -0.009 . PS DDR interfaces might fail when entering negative DQS skew values. 
CRITICAL WARNING: [PSU-4]  Parameter : PCW_UIPARAM_DDR_DQS_TO_CLK_DELAY_3 has negative value -0.033 . PS DDR interfaces might fail when entering negative DQS skew values. 
WARNING: [IP_Flow 19-474] Invalid Parameter 'Component_Name'
CRITICAL WARNING: [PSU-1]  Parameter : PCW_UIPARAM_DDR_DQS_TO_CLK_DELAY_0 has negative value -0.051 . PS DDR interfaces might fail when entering negative DQS skew values. 
CRITICAL WARNING: [PSU-2]  Parameter : PCW_UIPARAM_DDR_DQS_TO_CLK_DELAY_1 has negative value -0.006 . PS DDR interfaces might fail when entering negative DQS skew values. 
CRITICAL WARNING: [PSU-3]  Parameter : PCW_UIPARAM_DDR_DQS_TO_CLK_DELAY_2 has negative value -0.009 . PS DDR interfaces might fail when entering negative DQS skew values. 
CRITICAL WARNING: [PSU-4]  Parameter : PCW_UIPARAM_DDR_DQS_TO_CLK_DELAY_3 has negative value -0.033 . PS DDR interfaces might fail when entering negative DQS skew values. 
WARNING: [IP_Flow 19-474] Invalid Parameter 'Component_Name'
CRITICAL WARNING: [PSU-1]  Parameter : PCW_UIPARAM_DDR_DQS_TO_CLK_DELAY_0 has negative value -0.051 . PS DDR interfaces might fail when entering negative DQS skew values. 
CRITICAL WARNING: [PSU-2]  Parameter : PCW_UIPARAM_DDR_DQS_TO_CLK_DELAY_1 has negative value -0.006 . PS DDR interfaces might fail when entering negative DQS skew values. 
CRITICAL WARNING: [PSU-3]  Parameter : PCW_UIPARAM_DDR_DQS_TO_CLK_DELAY_2 has negative value -0.009 . PS DDR interfaces might fail when entering negative DQS skew values. 
CRITICAL WARNING: [PSU-4]  Parameter : PCW_UIPARAM_DDR_DQS_TO_CLK_DELAY_3 has negative value -0.033 . PS DDR interfaces might fail when entering negative DQS skew values. 
CRITICAL WARNING: [PSU-1]  Parameter : PCW_UIPARAM_DDR_DQS_TO_CLK_DELAY_0 has negative value -0.051 . PS DDR interfaces might fail when entering negative DQS skew values. 
CRITICAL WARNING: [PSU-2]  Parameter : PCW_UIPARAM_DDR_DQS_TO_CLK_DELAY_1 has negative value -0.006 . PS DDR interfaces might fail when entering negative DQS skew values. 
CRITICAL WARNING: [PSU-3]  Parameter : PCW_UIPARAM_DDR_DQS_TO_CLK_DELAY_2 has negative value -0.009 . PS DDR interfaces might fail when entering negative DQS skew values. 
CRITICAL WARNING: [PSU-4]  Parameter : PCW_UIPARAM_DDR_DQS_TO_CLK_DELAY_3 has negative value -0.033 . PS DDR interfaces might fail when entering negative DQS skew values. 
CRITICAL WARNING: [PSU-1]  Parameter : PCW_UIPARAM_DDR_DQS_TO_CLK_DELAY_0 has negative value -0.051 . PS DDR interfaces might fail when entering negative DQS skew values. 
CRITICAL WARNING: [PSU-2]  Parameter : PCW_UIPARAM_DDR_DQS_TO_CLK_DELAY_1 has negative value -0.006 . PS DDR interfaces might fail when entering negative DQS skew values. 
CRITICAL WARNING: [PSU-3]  Parameter : PCW_UIPARAM_DDR_DQS_TO_CLK_DELAY_2 has negative value -0.009 . PS DDR interfaces might fail when entering negative DQS skew values. 
CRITICAL WARNING: [PSU-4]  Parameter : PCW_UIPARAM_DDR_DQS_TO_CLK_DELAY_3 has negative value -0.033 . PS DDR interfaces might fail when entering negative DQS skew values. 
CRITICAL WARNING: [PSU-1]  Parameter : PCW_UIPARAM_DDR_DQS_TO_CLK_DELAY_0 has negative value -0.051 . PS DDR interfaces might fail when entering negative DQS skew values. 
CRITICAL WARNING: [PSU-2]  Parameter : PCW_UIPARAM_DDR_DQS_TO_CLK_DELAY_1 has negative value -0.006 . PS DDR interfaces might fail when entering negative DQS skew values. 
CRITICAL WARNING: [PSU-3]  Parameter : PCW_UIPARAM_DDR_DQS_TO_CLK_DELAY_2 has negative value -0.009 . PS DDR interfaces might fail when entering negative DQS skew values. 
CRITICAL WARNING: [PSU-4]  Parameter : PCW_UIPARAM_DDR_DQS_TO_CLK_DELAY_3 has negative value -0.033 . PS DDR interfaces might fail when entering negative DQS skew values. 
CRITICAL WARNING: [PSU-1]  Parameter : PCW_UIPARAM_DDR_DQS_TO_CLK_DELAY_0 has negative value -0.051 . PS DDR interfaces might fail when entering negative DQS skew values. 
CRITICAL WARNING: [PSU-2]  Parameter : PCW_UIPARAM_DDR_DQS_TO_CLK_DELAY_1 has negative value -0.006 . PS DDR interfaces might fail when entering negative DQS skew values. 
CRITICAL WARNING: [PSU-3]  Parameter : PCW_UIPARAM_DDR_DQS_TO_CLK_DELAY_2 has negative value -0.009 . PS DDR interfaces might fail when entering negative DQS skew values. 
CRITICAL WARNING: [PSU-4]  Parameter : PCW_UIPARAM_DDR_DQS_TO_CLK_DELAY_3 has negative value -0.033 . PS DDR interfaces might fail when entering negative DQS skew values. 
CRITICAL WARNING: [PSU-1]  Parameter : PCW_UIPARAM_DDR_DQS_TO_CLK_DELAY_0 has negative value -0.051 . PS DDR interfaces might fail when entering negative DQS skew values. 
CRITICAL WARNING: [PSU-2]  Parameter : PCW_UIPARAM_DDR_DQS_TO_CLK_DELAY_1 has negative value -0.006 . PS DDR interfaces might fail when entering negative DQS skew values. 
CRITICAL WARNING: [PSU-3]  Parameter : PCW_UIPARAM_DDR_DQS_TO_CLK_DELAY_2 has negative value -0.009 . PS DDR interfaces might fail when entering negative DQS skew values. 
CRITICAL WARNING: [PSU-4]  Parameter : PCW_UIPARAM_DDR_DQS_TO_CLK_DELAY_3 has negative value -0.033 . PS DDR interfaces might fail when entering negative DQS skew values. 
CRITICAL WARNING: [PSU-1]  Parameter : PCW_UIPARAM_DDR_DQS_TO_CLK_DELAY_0 has negative value -0.051 . PS DDR interfaces might fail when entering negative DQS skew values. 
CRITICAL WARNING: [PSU-2]  Parameter : PCW_UIPARAM_DDR_DQS_TO_CLK_DELAY_1 has negative value -0.006 . PS DDR interfaces might fail when entering negative DQS skew values. 
CRITICAL WARNING: [PSU-3]  Parameter : PCW_UIPARAM_DDR_DQS_TO_CLK_DELAY_2 has negative value -0.009 . PS DDR interfaces might fail when entering negative DQS skew values. 
CRITICAL WARNING: [PSU-4]  Parameter : PCW_UIPARAM_DDR_DQS_TO_CLK_DELAY_3 has negative value -0.033 . PS DDR interfaces might fail when entering negative DQS skew values. 
CRITICAL WARNING: [PSU-1]  Parameter : PCW_UIPARAM_DDR_DQS_TO_CLK_DELAY_0 has negative value -0.051 . PS DDR interfaces might fail when entering negative DQS skew values. 
CRITICAL WARNING: [PSU-2]  Parameter : PCW_UIPARAM_DDR_DQS_TO_CLK_DELAY_1 has negative value -0.006 . PS DDR interfaces might fail when entering negative DQS skew values. 
CRITICAL WARNING: [PSU-3]  Parameter : PCW_UIPARAM_DDR_DQS_TO_CLK_DELAY_2 has negative value -0.009 . PS DDR interfaces might fail when entering negative DQS skew values. 
CRITICAL WARNING: [PSU-4]  Parameter : PCW_UIPARAM_DDR_DQS_TO_CLK_DELAY_3 has negative value -0.033 . PS DDR interfaces might fail when entering negative DQS skew values. 
CRITICAL WARNING: [PSU-1]  Parameter : PCW_UIPARAM_DDR_DQS_TO_CLK_DELAY_0 has negative value -0.051 . PS DDR interfaces might fail when entering negative DQS skew values. 
CRITICAL WARNING: [PSU-2]  Parameter : PCW_UIPARAM_DDR_DQS_TO_CLK_DELAY_1 has negative value -0.006 . PS DDR interfaces might fail when entering negative DQS skew values. 
CRITICAL WARNING: [PSU-3]  Parameter : PCW_UIPARAM_DDR_DQS_TO_CLK_DELAY_2 has negative value -0.009 . PS DDR interfaces might fail when entering negative DQS skew values. 
CRITICAL WARNING: [PSU-4]  Parameter : PCW_UIPARAM_DDR_DQS_TO_CLK_DELAY_3 has negative value -0.033 . PS DDR interfaces might fail when entering negative DQS skew values. 
startgroup
set_property -dict [list CONFIG.PCW_CRYSTAL_PERIPHERAL_FREQMHZ {33.3333} CONFIG.PCW_PRESET_BANK0_VOLTAGE {LVCMOS 1.8V} CONFIG.PCW_QSPI_GRP_SINGLE_SS_ENABLE {1} CONFIG.PCW_UART0_PERIPHERAL_ENABLE {0} CONFIG.PCW_UART1_PERIPHERAL_ENABLE {1} CONFIG.PCW_UART1_UART1_IO {MIO 48 .. 49}] [get_bd_cells processing_system7_0]
CRITICAL WARNING: [PSU-1]  Parameter : PCW_UIPARAM_DDR_DQS_TO_CLK_DELAY_0 has negative value -0.051 . PS DDR interfaces might fail when entering negative DQS skew values. 
CRITICAL WARNING: [PSU-2]  Parameter : PCW_UIPARAM_DDR_DQS_TO_CLK_DELAY_1 has negative value -0.006 . PS DDR interfaces might fail when entering negative DQS skew values. 
CRITICAL WARNING: [PSU-3]  Parameter : PCW_UIPARAM_DDR_DQS_TO_CLK_DELAY_2 has negative value -0.009 . PS DDR interfaces might fail when entering negative DQS skew values. 
CRITICAL WARNING: [PSU-4]  Parameter : PCW_UIPARAM_DDR_DQS_TO_CLK_DELAY_3 has negative value -0.033 . PS DDR interfaces might fail when entering negative DQS skew values. 
CRITICAL WARNING: [PSU-1]  Parameter : PCW_UIPARAM_DDR_DQS_TO_CLK_DELAY_0 has negative value -0.051 . PS DDR interfaces might fail when entering negative DQS skew values. 
CRITICAL WARNING: [PSU-2]  Parameter : PCW_UIPARAM_DDR_DQS_TO_CLK_DELAY_1 has negative value -0.006 . PS DDR interfaces might fail when entering negative DQS skew values. 
CRITICAL WARNING: [PSU-3]  Parameter : PCW_UIPARAM_DDR_DQS_TO_CLK_DELAY_2 has negative value -0.009 . PS DDR interfaces might fail when entering negative DQS skew values. 
CRITICAL WARNING: [PSU-4]  Parameter : PCW_UIPARAM_DDR_DQS_TO_CLK_DELAY_3 has negative value -0.033 . PS DDR interfaces might fail when entering negative DQS skew values. 
WARNING: [BD 41-1684] Pin /processing_system7_0/IRQ_P2F_UART0 is now disabled. All connections to this pin have been removed. 
delete_bd_objs [get_bd_nets processing_system7_0_IRQ_P2F_UART0]
endgroup
CRITICAL WARNING: [PSU-1]  Parameter : PCW_UIPARAM_DDR_DQS_TO_CLK_DELAY_0 has negative value -0.051 . PS DDR interfaces might fail when entering negative DQS skew values. 
CRITICAL WARNING: [PSU-2]  Parameter : PCW_UIPARAM_DDR_DQS_TO_CLK_DELAY_1 has negative value -0.006 . PS DDR interfaces might fail when entering negative DQS skew values. 
CRITICAL WARNING: [PSU-3]  Parameter : PCW_UIPARAM_DDR_DQS_TO_CLK_DELAY_2 has negative value -0.009 . PS DDR interfaces might fail when entering negative DQS skew values. 
CRITICAL WARNING: [PSU-4]  Parameter : PCW_UIPARAM_DDR_DQS_TO_CLK_DELAY_3 has negative value -0.033 . PS DDR interfaces might fail when entering negative DQS skew values. 
WARNING: [IP_Flow 19-474] Invalid Parameter 'Component_Name'
CRITICAL WARNING: [PSU-1]  Parameter : PCW_UIPARAM_DDR_DQS_TO_CLK_DELAY_0 has negative value -0.051 . PS DDR interfaces might fail when entering negative DQS skew values. 
CRITICAL WARNING: [PSU-2]  Parameter : PCW_UIPARAM_DDR_DQS_TO_CLK_DELAY_1 has negative value -0.006 . PS DDR interfaces might fail when entering negative DQS skew values. 
CRITICAL WARNING: [PSU-3]  Parameter : PCW_UIPARAM_DDR_DQS_TO_CLK_DELAY_2 has negative value -0.009 . PS DDR interfaces might fail when entering negative DQS skew values. 
CRITICAL WARNING: [PSU-4]  Parameter : PCW_UIPARAM_DDR_DQS_TO_CLK_DELAY_3 has negative value -0.033 . PS DDR interfaces might fail when entering negative DQS skew values. 
CRITICAL WARNING: [PSU-1]  Parameter : PCW_UIPARAM_DDR_DQS_TO_CLK_DELAY_0 has negative value -0.051 . PS DDR interfaces might fail when entering negative DQS skew values. 
CRITICAL WARNING: [PSU-2]  Parameter : PCW_UIPARAM_DDR_DQS_TO_CLK_DELAY_1 has negative value -0.006 . PS DDR interfaces might fail when entering negative DQS skew values. 
CRITICAL WARNING: [PSU-3]  Parameter : PCW_UIPARAM_DDR_DQS_TO_CLK_DELAY_2 has negative value -0.009 . PS DDR interfaces might fail when entering negative DQS skew values. 
CRITICAL WARNING: [PSU-4]  Parameter : PCW_UIPARAM_DDR_DQS_TO_CLK_DELAY_3 has negative value -0.033 . PS DDR interfaces might fail when entering negative DQS skew values. 
CRITICAL WARNING: [PSU-1]  Parameter : PCW_UIPARAM_DDR_DQS_TO_CLK_DELAY_0 has negative value -0.051 . PS DDR interfaces might fail when entering negative DQS skew values. 
CRITICAL WARNING: [PSU-2]  Parameter : PCW_UIPARAM_DDR_DQS_TO_CLK_DELAY_1 has negative value -0.006 . PS DDR interfaces might fail when entering negative DQS skew values. 
CRITICAL WARNING: [PSU-3]  Parameter : PCW_UIPARAM_DDR_DQS_TO_CLK_DELAY_2 has negative value -0.009 . PS DDR interfaces might fail when entering negative DQS skew values. 
CRITICAL WARNING: [PSU-4]  Parameter : PCW_UIPARAM_DDR_DQS_TO_CLK_DELAY_3 has negative value -0.033 . PS DDR interfaces might fail when entering negative DQS skew values. 
startgroup
set_property -dict [list CONFIG.PCW_UIPARAM_DDR_FREQ_MHZ {533.333333} CONFIG.PCW_CRYSTAL_PERIPHERAL_FREQMHZ {33.333333} CONFIG.PCW_QSPI_GRP_SINGLE_SS_ENABLE {1}] [get_bd_cells processing_system7_0]
CRITICAL WARNING: [PSU-1]  Parameter : PCW_UIPARAM_DDR_DQS_TO_CLK_DELAY_0 has negative value -0.051 . PS DDR interfaces might fail when entering negative DQS skew values. 
CRITICAL WARNING: [PSU-2]  Parameter : PCW_UIPARAM_DDR_DQS_TO_CLK_DELAY_1 has negative value -0.006 . PS DDR interfaces might fail when entering negative DQS skew values. 
CRITICAL WARNING: [PSU-3]  Parameter : PCW_UIPARAM_DDR_DQS_TO_CLK_DELAY_2 has negative value -0.009 . PS DDR interfaces might fail when entering negative DQS skew values. 
CRITICAL WARNING: [PSU-4]  Parameter : PCW_UIPARAM_DDR_DQS_TO_CLK_DELAY_3 has negative value -0.033 . PS DDR interfaces might fail when entering negative DQS skew values. 
endgroup
save_bd_design
Wrote  : </home/lijinming/xiaohe-env/xs-env/NutShell/fpga/board/pynq/build/myproject-pynq/myproject-pynq.srcs/sources_1/bd/system_top/system_top.bd> 
Wrote  : </home/lijinming/xiaohe-env/xs-env/NutShell/fpga/board/pynq/build/myproject-pynq/myproject-pynq.srcs/sources_1/bd/system_top/ui/bd_9edf8fa5.ui> 
Wrote  : </home/lijinming/xiaohe-env/xs-env/NutShell/fpga/board/pynq/build/myproject-pynq/myproject-pynq.srcs/sources_1/bd/system_top/ui/bd_b096ec45.ui> 
launch_runs impl_1 -jobs 20
INFO: [xilinx.com:ip:c_shift_ram:12.0-913] /rv_system/c_shift_ram_1 Width has been set to manual on the GUI. It will not be updated during validation with a propagated value.
INFO: [xilinx.com:ip:c_shift_ram:12.0-913] /rv_system/c_shift_ram_1 Width has been set to manual on the GUI. It will not be updated during validation with a propagated value.
INFO: [xilinx.com:ip:c_shift_ram:12.0-913] /rv_system/c_shift_ram_0 Width has been set to manual on the GUI. It will not be updated during validation with a propagated value.
INFO: [xilinx.com:ip:c_shift_ram:12.0-913] /rv_system/c_shift_ram_0 Width has been set to manual on the GUI. It will not be updated during validation with a propagated value.
WARNING: [BD 41-237] Bus Interface property BUSER_WIDTH does not match between /axi_interconnect_0/s00_couplers/auto_pc/S_AXI(0) and /axi_interconnect_0/s00_couplers/auto_cc/M_AXI(1)
WARNING: [BD 41-237] Bus Interface property AWUSER_WIDTH does not match between /processing_system7_0/S_AXI_HP0(0) and /axi_interconnect_0/s00_couplers/auto_pc/M_AXI(1)
WARNING: [BD 41-237] Bus Interface property ARUSER_WIDTH does not match between /processing_system7_0/S_AXI_HP0(0) and /axi_interconnect_0/s00_couplers/auto_pc/M_AXI(1)
WARNING: [BD 41-237] Bus Interface property RUSER_WIDTH does not match between /processing_system7_0/S_AXI_HP0(0) and /axi_interconnect_0/s00_couplers/auto_pc/M_AXI(1)
WARNING: [BD 41-237] Bus Interface property BUSER_WIDTH does not match between /processing_system7_0/S_AXI_HP0(0) and /axi_interconnect_0/s00_couplers/auto_pc/M_AXI(1)
WARNING: [BD 41-237] Bus Interface property AWUSER_WIDTH does not match between /axi_interconnect_2/s00_couplers/auto_ds/S_AXI(0) and /axi_interconnect_2/s00_couplers/auto_cc/M_AXI(1)
WARNING: [BD 41-237] Bus Interface property ARUSER_WIDTH does not match between /axi_interconnect_2/s00_couplers/auto_ds/S_AXI(0) and /axi_interconnect_2/s00_couplers/auto_cc/M_AXI(1)
WARNING: [BD 41-237] Bus Interface property RUSER_WIDTH does not match between /axi_interconnect_2/s00_couplers/auto_ds/S_AXI(0) and /axi_interconnect_2/s00_couplers/auto_cc/M_AXI(1)
WARNING: [BD 41-237] Bus Interface property BUSER_WIDTH does not match between /axi_interconnect_2/s00_couplers/auto_ds/S_AXI(0) and /axi_interconnect_2/s00_couplers/auto_cc/M_AXI(1)
WARNING: [BD 41-237] Bus Interface property AWUSER_WIDTH does not match between /rv_system/NutShell_0/io_frontend(1) and /rv_system/axi_protocol_convert_0/M_AXI(0)
WARNING: [BD 41-237] Bus Interface property ARUSER_WIDTH does not match between /rv_system/NutShell_0/io_frontend(1) and /rv_system/axi_protocol_convert_0/M_AXI(0)
WARNING: [BD 41-237] Bus Interface property RUSER_WIDTH does not match between /rv_system/NutShell_0/io_frontend(1) and /rv_system/axi_protocol_convert_0/M_AXI(0)
WARNING: [BD 41-237] Bus Interface property BUSER_WIDTH does not match between /rv_system/NutShell_0/io_frontend(1) and /rv_system/axi_protocol_convert_0/M_AXI(0)
WARNING: [BD 41-927] Following properties on pin /rv_system/NutShell_0/clock have been updated from connected ip. They may not be synchronized with cell properties. You can set property on pin directly to confirm the value and resolve the warning.
	CLK_DOMAIN=/hier_clkrst/clk_wiz_0_clk_out1 
Wrote  : </home/lijinming/xiaohe-env/xs-env/NutShell/fpga/board/pynq/build/myproject-pynq/myproject-pynq.srcs/sources_1/bd/system_top/system_top.bd> 
Wrote  : </home/lijinming/xiaohe-env/xs-env/NutShell/fpga/board/pynq/build/myproject-pynq/myproject-pynq.srcs/sources_1/bd/system_top/ui/bd_9edf8fa5.ui> 
Wrote  : </home/lijinming/xiaohe-env/xs-env/NutShell/fpga/board/pynq/build/myproject-pynq/myproject-pynq.srcs/sources_1/bd/system_top/ui/bd_b096ec45.ui> 
WARNING: [BD 41-235] Width mismatch when connecting pin: '/axi_interconnect_0/s00_couplers/auto_pc/m_axi_rid'(1) to net 'auto_pc_to_s00_couplers_RID'(6) - Only lower order bits will be connected.
WARNING: [BD 41-235] Width mismatch when connecting pin: '/axi_interconnect_0/s00_couplers/auto_pc/m_axi_bid'(1) to net 'auto_pc_to_s00_couplers_BID'(6) - Only lower order bits will be connected.
WARNING: [BD 41-235] Width mismatch when connecting pin: '/processing_system7_0/S_AXI_HP0_AWID'(6) to net 'axi_interconnect_0_M00_AXI_AWID'(1) - Only lower order bits will be connected.
WARNING: [BD 41-235] Width mismatch when connecting pin: '/processing_system7_0/S_AXI_HP0_WID'(6) to net 'axi_interconnect_0_M00_AXI_WID'(1) - Only lower order bits will be connected.
WARNING: [BD 41-235] Width mismatch when connecting pin: '/processing_system7_0/S_AXI_HP0_ARID'(6) to net 'axi_interconnect_0_M00_AXI_ARID'(1) - Only lower order bits will be connected.
VHDL Output written to : /home/lijinming/xiaohe-env/xs-env/NutShell/fpga/board/pynq/build/myproject-pynq/myproject-pynq.srcs/sources_1/bd/system_top/synth/system_top.v
WARNING: [BD 41-235] Width mismatch when connecting pin: '/axi_interconnect_0/s00_couplers/auto_pc/m_axi_rid'(1) to net 'auto_pc_to_s00_couplers_RID'(6) - Only lower order bits will be connected.
WARNING: [BD 41-235] Width mismatch when connecting pin: '/axi_interconnect_0/s00_couplers/auto_pc/m_axi_bid'(1) to net 'auto_pc_to_s00_couplers_BID'(6) - Only lower order bits will be connected.
WARNING: [BD 41-235] Width mismatch when connecting pin: '/processing_system7_0/S_AXI_HP0_AWID'(6) to net 'axi_interconnect_0_M00_AXI_AWID'(1) - Only lower order bits will be connected.
WARNING: [BD 41-235] Width mismatch when connecting pin: '/processing_system7_0/S_AXI_HP0_WID'(6) to net 'axi_interconnect_0_M00_AXI_WID'(1) - Only lower order bits will be connected.
WARNING: [BD 41-235] Width mismatch when connecting pin: '/processing_system7_0/S_AXI_HP0_ARID'(6) to net 'axi_interconnect_0_M00_AXI_ARID'(1) - Only lower order bits will be connected.
VHDL Output written to : /home/lijinming/xiaohe-env/xs-env/NutShell/fpga/board/pynq/build/myproject-pynq/myproject-pynq.srcs/sources_1/bd/system_top/sim/system_top.v
VHDL Output written to : /home/lijinming/xiaohe-env/xs-env/NutShell/fpga/board/pynq/build/myproject-pynq/myproject-pynq.srcs/sources_1/bd/system_top/hdl/system_top_wrapper.v
Wrote  : </home/lijinming/xiaohe-env/xs-env/NutShell/fpga/board/pynq/build/myproject-pynq/myproject-pynq.srcs/sources_1/bd/system_top/ui/bd_9edf8fa5.ui> 
Wrote  : </home/lijinming/xiaohe-env/xs-env/NutShell/fpga/board/pynq/build/myproject-pynq/myproject-pynq.srcs/sources_1/bd/system_top/ui/bd_b096ec45.ui> 
INFO: [BD 41-1029] Generation completed for the IP Integrator block axi_interconnect_1/xbar .
INFO: [BD 41-1029] Generation completed for the IP Integrator block hier_clkrst/axi_gpio_0 .
INFO: [BD 41-1029] Generation completed for the IP Integrator block hier_clkrst/clk_wiz_0 .
INFO: [BD 41-1029] Generation completed for the IP Integrator block hier_clkrst/uncorerst .
INFO: [BD 41-1029] Generation completed for the IP Integrator block processing_system7_0 .
INFO: [BD 41-1029] Generation completed for the IP Integrator block rv_system/NutShell_0 .
WARNING: [IP_Flow 19-4994] Overwriting existing constraint file '/home/lijinming/xiaohe-env/xs-env/NutShell/fpga/board/pynq/build/myproject-pynq/myproject-pynq.srcs/sources_1/bd/system_top/ip/system_top_axi_protocol_convert_0_0/system_top_axi_protocol_convert_0_0_ooc.xdc'
INFO: [BD 41-1029] Generation completed for the IP Integrator block rv_system/axi_protocol_convert_0 .
WARNING: [IP_Flow 19-4994] Overwriting existing constraint file '/home/lijinming/xiaohe-env/xs-env/NutShell/fpga/board/pynq/build/myproject-pynq/myproject-pynq.srcs/sources_1/bd/system_top/ip/system_top_axi_protocol_convert_1_0/system_top_axi_protocol_convert_1_0_ooc.xdc'
INFO: [BD 41-1029] Generation completed for the IP Integrator block rv_system/axi_protocol_convert_1 .
INFO: [BD 41-1029] Generation completed for the IP Integrator block rv_system/c_shift_ram_0 .
INFO: [BD 41-1029] Generation completed for the IP Integrator block rv_system/c_shift_ram_1 .
INFO: [BD 41-1029] Generation completed for the IP Integrator block rv_system/util_vector_logic_0 .
INFO: [BD 41-1029] Generation completed for the IP Integrator block xlconcat_0 .
WARNING: [IP_Flow 19-4994] Overwriting existing constraint file '/home/lijinming/xiaohe-env/xs-env/NutShell/fpga/board/pynq/build/myproject-pynq/myproject-pynq.srcs/sources_1/bd/system_top/ip/system_top_auto_cc_0/system_top_auto_cc_0_ooc.xdc'
INFO: [BD 41-1029] Generation completed for the IP Integrator block axi_interconnect_0/s00_couplers/auto_cc .
WARNING: [IP_Flow 19-4994] Overwriting existing constraint file '/home/lijinming/xiaohe-env/xs-env/NutShell/fpga/board/pynq/build/myproject-pynq/myproject-pynq.srcs/sources_1/bd/system_top/ip/system_top_auto_pc_0/system_top_auto_pc_0_ooc.xdc'
INFO: [BD 41-1029] Generation completed for the IP Integrator block axi_interconnect_0/s00_couplers/auto_pc .
WARNING: [IP_Flow 19-4994] Overwriting existing constraint file '/home/lijinming/xiaohe-env/xs-env/NutShell/fpga/board/pynq/build/myproject-pynq/myproject-pynq.srcs/sources_1/bd/system_top/ip/system_top_auto_pc_2/system_top_auto_pc_2_ooc.xdc'
INFO: [BD 41-1029] Generation completed for the IP Integrator block axi_interconnect_1/s00_couplers/auto_pc .
WARNING: [IP_Flow 19-4994] Overwriting existing constraint file '/home/lijinming/xiaohe-env/xs-env/NutShell/fpga/board/pynq/build/myproject-pynq/myproject-pynq.srcs/sources_1/bd/system_top/ip/system_top_auto_us_0/system_top_auto_us_0_ooc.xdc'
INFO: [BD 41-1029] Generation completed for the IP Integrator block axi_interconnect_1/s00_couplers/auto_us .
WARNING: [IP_Flow 19-4994] Overwriting existing constraint file '/home/lijinming/xiaohe-env/xs-env/NutShell/fpga/board/pynq/build/myproject-pynq/myproject-pynq.srcs/sources_1/bd/system_top/ip/system_top_auto_ds_0/system_top_auto_ds_0_ooc.xdc'
INFO: [BD 41-1029] Generation completed for the IP Integrator block axi_interconnect_1/m00_couplers/auto_ds .
WARNING: [IP_Flow 19-4994] Overwriting existing constraint file '/home/lijinming/xiaohe-env/xs-env/NutShell/fpga/board/pynq/build/myproject-pynq/myproject-pynq.srcs/sources_1/bd/system_top/ip/system_top_auto_pc_1/system_top_auto_pc_1_ooc.xdc'
INFO: [BD 41-1029] Generation completed for the IP Integrator block axi_interconnect_1/m00_couplers/auto_pc .
WARNING: [IP_Flow 19-4994] Overwriting existing constraint file '/home/lijinming/xiaohe-env/xs-env/NutShell/fpga/board/pynq/build/myproject-pynq/myproject-pynq.srcs/sources_1/bd/system_top/ip/system_top_auto_cc_1/system_top_auto_cc_1_ooc.xdc'
INFO: [BD 41-1029] Generation completed for the IP Integrator block axi_interconnect_1/m01_couplers/auto_cc .
WARNING: [IP_Flow 19-4994] Overwriting existing constraint file '/home/lijinming/xiaohe-env/xs-env/NutShell/fpga/board/pynq/build/myproject-pynq/myproject-pynq.srcs/sources_1/bd/system_top/ip/system_top_auto_cc_2/system_top_auto_cc_2_ooc.xdc'
INFO: [BD 41-1029] Generation completed for the IP Integrator block axi_interconnect_2/s00_couplers/auto_cc .
WARNING: [IP_Flow 19-4994] Overwriting existing constraint file '/home/lijinming/xiaohe-env/xs-env/NutShell/fpga/board/pynq/build/myproject-pynq/myproject-pynq.srcs/sources_1/bd/system_top/ip/system_top_auto_ds_1/system_top_auto_ds_1_ooc.xdc'
INFO: [BD 41-1029] Generation completed for the IP Integrator block axi_interconnect_2/s00_couplers/auto_ds .
WARNING: [IP_Flow 19-4994] Overwriting existing constraint file '/home/lijinming/xiaohe-env/xs-env/NutShell/fpga/board/pynq/build/myproject-pynq/myproject-pynq.srcs/sources_1/bd/system_top/ip/system_top_auto_pc_3/system_top_auto_pc_3_ooc.xdc'
INFO: [BD 41-1029] Generation completed for the IP Integrator block axi_interconnect_2/s00_couplers/auto_pc .
Exporting to file /home/lijinming/xiaohe-env/xs-env/NutShell/fpga/board/pynq/build/myproject-pynq/myproject-pynq.srcs/sources_1/bd/system_top/hw_handoff/system_top.hwh
Generated Block Design Tcl file /home/lijinming/xiaohe-env/xs-env/NutShell/fpga/board/pynq/build/myproject-pynq/myproject-pynq.srcs/sources_1/bd/system_top/hw_handoff/system_top_bd.tcl
Generated Hardware Definition File /home/lijinming/xiaohe-env/xs-env/NutShell/fpga/board/pynq/build/myproject-pynq/myproject-pynq.srcs/sources_1/bd/system_top/synth/system_top.hwdef
[Wed Feb 11 03:05:20 2026] Launched system_top_auto_cc_2_synth_1, system_top_auto_ds_1_synth_1, system_top_auto_cc_0_synth_1, system_top_util_vector_logic_0_0_synth_1, system_top_c_shift_ram_1_0_synth_1, system_top_auto_pc_0_synth_1, system_top_c_shift_ram_0_0_synth_1, system_top_axi_protocol_convert_1_0_synth_1, system_top_axi_protocol_convert_0_0_synth_1, system_top_clk_wiz_0_0_synth_1, system_top_uncorerst_0_synth_1, system_top_axi_gpio_0_0_synth_1, system_top_NutShell_0_0_synth_1, system_top_processing_system7_0_0_synth_1, system_top_xbar_0_synth_1, system_top_auto_pc_1_synth_1, system_top_auto_cc_1_synth_1, system_top_auto_us_0_synth_1, system_top_auto_ds_0_synth_1, system_top_auto_pc_2_synth_1, system_top_auto_pc_3_synth_1, synth_1...
Run output will be captured here:
system_top_auto_cc_2_synth_1: /home/lijinming/xiaohe-env/xs-env/NutShell/fpga/board/pynq/build/myproject-pynq/myproject-pynq.runs/system_top_auto_cc_2_synth_1/runme.log
system_top_auto_ds_1_synth_1: /home/lijinming/xiaohe-env/xs-env/NutShell/fpga/board/pynq/build/myproject-pynq/myproject-pynq.runs/system_top_auto_ds_1_synth_1/runme.log
system_top_auto_cc_0_synth_1: /home/lijinming/xiaohe-env/xs-env/NutShell/fpga/board/pynq/build/myproject-pynq/myproject-pynq.runs/system_top_auto_cc_0_synth_1/runme.log
system_top_util_vector_logic_0_0_synth_1: /home/lijinming/xiaohe-env/xs-env/NutShell/fpga/board/pynq/build/myproject-pynq/myproject-pynq.runs/system_top_util_vector_logic_0_0_synth_1/runme.log
system_top_c_shift_ram_1_0_synth_1: /home/lijinming/xiaohe-env/xs-env/NutShell/fpga/board/pynq/build/myproject-pynq/myproject-pynq.runs/system_top_c_shift_ram_1_0_synth_1/runme.log
system_top_auto_pc_0_synth_1: /home/lijinming/xiaohe-env/xs-env/NutShell/fpga/board/pynq/build/myproject-pynq/myproject-pynq.runs/system_top_auto_pc_0_synth_1/runme.log
system_top_c_shift_ram_0_0_synth_1: /home/lijinming/xiaohe-env/xs-env/NutShell/fpga/board/pynq/build/myproject-pynq/myproject-pynq.runs/system_top_c_shift_ram_0_0_synth_1/runme.log
system_top_axi_protocol_convert_1_0_synth_1: /home/lijinming/xiaohe-env/xs-env/NutShell/fpga/board/pynq/build/myproject-pynq/myproject-pynq.runs/system_top_axi_protocol_convert_1_0_synth_1/runme.log
system_top_axi_protocol_convert_0_0_synth_1: /home/lijinming/xiaohe-env/xs-env/NutShell/fpga/board/pynq/build/myproject-pynq/myproject-pynq.runs/system_top_axi_protocol_convert_0_0_synth_1/runme.log
system_top_clk_wiz_0_0_synth_1: /home/lijinming/xiaohe-env/xs-env/NutShell/fpga/board/pynq/build/myproject-pynq/myproject-pynq.runs/system_top_clk_wiz_0_0_synth_1/runme.log
system_top_uncorerst_0_synth_1: /home/lijinming/xiaohe-env/xs-env/NutShell/fpga/board/pynq/build/myproject-pynq/myproject-pynq.runs/system_top_uncorerst_0_synth_1/runme.log
system_top_axi_gpio_0_0_synth_1: /home/lijinming/xiaohe-env/xs-env/NutShell/fpga/board/pynq/build/myproject-pynq/myproject-pynq.runs/system_top_axi_gpio_0_0_synth_1/runme.log
system_top_NutShell_0_0_synth_1: /home/lijinming/xiaohe-env/xs-env/NutShell/fpga/board/pynq/build/myproject-pynq/myproject-pynq.runs/system_top_NutShell_0_0_synth_1/runme.log
system_top_processing_system7_0_0_synth_1: /home/lijinming/xiaohe-env/xs-env/NutShell/fpga/board/pynq/build/myproject-pynq/myproject-pynq.runs/system_top_processing_system7_0_0_synth_1/runme.log
system_top_xbar_0_synth_1: /home/lijinming/xiaohe-env/xs-env/NutShell/fpga/board/pynq/build/myproject-pynq/myproject-pynq.runs/system_top_xbar_0_synth_1/runme.log
system_top_auto_pc_1_synth_1: /home/lijinming/xiaohe-env/xs-env/NutShell/fpga/board/pynq/build/myproject-pynq/myproject-pynq.runs/system_top_auto_pc_1_synth_1/runme.log
system_top_auto_cc_1_synth_1: /home/lijinming/xiaohe-env/xs-env/NutShell/fpga/board/pynq/build/myproject-pynq/myproject-pynq.runs/system_top_auto_cc_1_synth_1/runme.log
system_top_auto_us_0_synth_1: /home/lijinming/xiaohe-env/xs-env/NutShell/fpga/board/pynq/build/myproject-pynq/myproject-pynq.runs/system_top_auto_us_0_synth_1/runme.log
system_top_auto_ds_0_synth_1: /home/lijinming/xiaohe-env/xs-env/NutShell/fpga/board/pynq/build/myproject-pynq/myproject-pynq.runs/system_top_auto_ds_0_synth_1/runme.log
system_top_auto_pc_2_synth_1: /home/lijinming/xiaohe-env/xs-env/NutShell/fpga/board/pynq/build/myproject-pynq/myproject-pynq.runs/system_top_auto_pc_2_synth_1/runme.log
system_top_auto_pc_3_synth_1: /home/lijinming/xiaohe-env/xs-env/NutShell/fpga/board/pynq/build/myproject-pynq/myproject-pynq.runs/system_top_auto_pc_3_synth_1/runme.log
synth_1: /home/lijinming/xiaohe-env/xs-env/NutShell/fpga/board/pynq/build/myproject-pynq/myproject-pynq.runs/synth_1/runme.log
[Wed Feb 11 03:05:21 2026] Launched impl_1...
Run output will be captured here: /home/lijinming/xiaohe-env/xs-env/NutShell/fpga/board/pynq/build/myproject-pynq/myproject-pynq.runs/impl_1/runme.log
launch_runs: Time (s): cpu = 00:00:47 ; elapsed = 00:00:33 . Memory (MB): peak = 7528.953 ; gain = 316.898 ; free physical = 253015 ; free virtual = 256946
open_run impl_1
INFO: [Device 21-403] Loading part xc7z045ffg900-2
INFO: [Netlist 29-17] Analyzing 1147 Unisim elements for replacement
INFO: [Netlist 29-28] Unisim Transformation completed in 0 CPU seconds
INFO: [Project 1-479] Netlist was created with Vivado 2019.1
INFO: [Project 1-570] Preparing netlist for logic optimization
WARNING: [Constraints 18-550] Could not create 'IBUF_LOW_PWR' constraint because net 'system_top_i/hier_clkrst/clk_wiz_0/clk_in1' is not directly connected to top level port. Synthesis is ignored for IBUF_LOW_PWR but preserved for implementation.
INFO: [Timing 38-478] Restoring timing data from binary archive.
INFO: [Timing 38-479] Binary timing data restore complete.
INFO: [Project 1-856] Restoring constraints from binary archive.
INFO: [Project 1-853] Binary constraint restore complete.
Reading XDEF placement.
Reading placer database...
Reading XDEF routing.
Read XDEF File: Time (s): cpu = 00:00:02 ; elapsed = 00:00:02 . Memory (MB): peak = 8158.129 ; gain = 37.074 ; free physical = 251774 ; free virtual = 255938
Restored from archive | CPU: 2.370000 secs | Memory: 42.428543 MB |
Finished XDEF File Restore: Time (s): cpu = 00:00:02 ; elapsed = 00:00:02 . Memory (MB): peak = 8158.129 ; gain = 37.074 ; free physical = 251774 ; free virtual = 255938
Netlist sorting complete. Time (s): cpu = 00:00:00.01 ; elapsed = 00:00:00 . Memory (MB): peak = 8158.129 ; gain = 0.000 ; free physical = 251780 ; free virtual = 255945
INFO: [Project 1-111] Unisim Transformation Summary:
  A total of 311 instances were transformed.
  RAM16X1D => RAM32X1D (RAMD32, RAMD32): 1 instances
  RAM32M => RAM32M (RAMD32, RAMD32, RAMD32, RAMD32, RAMD32, RAMD32, RAMS32, RAMS32): 306 instances
  RAM32X1D => RAM32X1D (RAMD32, RAMD32): 2 instances
  SRLC32E => SRL16E: 2 instances

open_run: Time (s): cpu = 00:00:40 ; elapsed = 00:00:28 . Memory (MB): peak = 8422.270 ; gain = 801.395 ; free physical = 251673 ; free virtual = 255841
open_report: Time (s): cpu = 00:00:25 ; elapsed = 00:00:08 . Memory (MB): peak = 8813.953 ; gain = 0.000 ; free physical = 251389 ; free virtual = 255558
WARNING: [Timing 38-436] There are set_bus_skew constraint(s) in this design. Please run report_bus_skew to ensure that bus skew requirements are met.
place_ports {SW_tri_i[1]} AK25
place_ports {SW_tri_i[0]} R27
set_property IOSTANDARD LVCMOS25 [get_ports [list {SW_tri_i[1]} {SW_tri_i[0]}]]
file mkdir /home/lijinming/xiaohe-env/xs-env/NutShell/fpga/board/pynq/build/myproject-pynq/myproject-pynq.srcs/constrs_1/new
close [ open /home/lijinming/xiaohe-env/xs-env/NutShell/fpga/board/pynq/build/myproject-pynq/myproject-pynq.srcs/constrs_1/new/zc706_nutshell.xdc w ]
add_files -fileset constrs_1 /home/lijinming/xiaohe-env/xs-env/NutShell/fpga/board/pynq/build/myproject-pynq/myproject-pynq.srcs/constrs_1/new/zc706_nutshell.xdc
set_property target_constrs_file /home/lijinming/xiaohe-env/xs-env/NutShell/fpga/board/pynq/build/myproject-pynq/myproject-pynq.srcs/constrs_1/new/zc706_nutshell.xdc [current_fileset -constrset]
save_constraints -force
reset_run synth_1
launch_runs impl_1 -to_step write_bitstream -jobs 20
[Wed Feb 11 03:18:54 2026] Launched synth_1...
Run output will be captured here: /home/lijinming/xiaohe-env/xs-env/NutShell/fpga/board/pynq/build/myproject-pynq/myproject-pynq.runs/synth_1/runme.log
[Wed Feb 11 03:18:55 2026] Launched impl_1...
Run output will be captured here: /home/lijinming/xiaohe-env/xs-env/NutShell/fpga/board/pynq/build/myproject-pynq/myproject-pynq.runs/impl_1/runme.log
file mkdir /home/lijinming/xiaohe-env/xs-env/NutShell/fpga/board/pynq/build/myproject-pynq/myproject-pynq.sdk
file copy -force /home/lijinming/xiaohe-env/xs-env/NutShell/fpga/board/pynq/build/myproject-pynq/myproject-pynq.runs/impl_1/system_top_wrapper.sysdef /home/lijinming/xiaohe-env/xs-env/NutShell/fpga/board/pynq/build/myproject-pynq/myproject-pynq.sdk/system_top_wrapper.hdf

launch_sdk -workspace /home/lijinming/xiaohe-env/xs-env/NutShell/fpga/board/pynq/build/myproject-pynq/myproject-pynq.sdk -hwspec /home/lijinming/xiaohe-env/xs-env/NutShell/fpga/board/pynq/build/myproject-pynq/myproject-pynq.sdk/system_top_wrapper.hdf
INFO: [Vivado 12-393] Launching SDK...
INFO: [Vivado 12-417] Running xsdk -workspace /home/lijinming/xiaohe-env/xs-env/NutShell/fpga/board/pynq/build/myproject-pynq/myproject-pynq.sdk -hwspec /home/lijinming/xiaohe-env/xs-env/NutShell/fpga/board/pynq/build/myproject-pynq/myproject-pynq.sdk/system_top_wrapper.hdf
INFO: [Vivado 12-3157] SDK launch initiated. Please check console for any further messages.
open_bd_design {/home/lijinming/xiaohe-env/xs-env/NutShell/fpga/board/pynq/build/myproject-pynq/myproject-pynq.srcs/sources_1/bd/system_top/system_top.bd}
CRITICAL WARNING: [PSU-1]  Parameter : PCW_UIPARAM_DDR_DQS_TO_CLK_DELAY_0 has negative value -0.051 . PS DDR interfaces might fail when entering negative DQS skew values. 
CRITICAL WARNING: [PSU-2]  Parameter : PCW_UIPARAM_DDR_DQS_TO_CLK_DELAY_1 has negative value -0.006 . PS DDR interfaces might fail when entering negative DQS skew values. 
CRITICAL WARNING: [PSU-3]  Parameter : PCW_UIPARAM_DDR_DQS_TO_CLK_DELAY_2 has negative value -0.009 . PS DDR interfaces might fail when entering negative DQS skew values. 
CRITICAL WARNING: [PSU-4]  Parameter : PCW_UIPARAM_DDR_DQS_TO_CLK_DELAY_3 has negative value -0.033 . PS DDR interfaces might fail when entering negative DQS skew values. 
WARNING: [IP_Flow 19-474] Invalid Parameter 'Component_Name'
CRITICAL WARNING: [PSU-1]  Parameter : PCW_UIPARAM_DDR_DQS_TO_CLK_DELAY_0 has negative value -0.051 . PS DDR interfaces might fail when entering negative DQS skew values. 
CRITICAL WARNING: [PSU-2]  Parameter : PCW_UIPARAM_DDR_DQS_TO_CLK_DELAY_1 has negative value -0.006 . PS DDR interfaces might fail when entering negative DQS skew values. 
CRITICAL WARNING: [PSU-3]  Parameter : PCW_UIPARAM_DDR_DQS_TO_CLK_DELAY_2 has negative value -0.009 . PS DDR interfaces might fail when entering negative DQS skew values. 
CRITICAL WARNING: [PSU-4]  Parameter : PCW_UIPARAM_DDR_DQS_TO_CLK_DELAY_3 has negative value -0.033 . PS DDR interfaces might fail when entering negative DQS skew values. 
CRITICAL WARNING: [PSU-1]  Parameter : PCW_UIPARAM_DDR_DQS_TO_CLK_DELAY_0 has negative value -0.051 . PS DDR interfaces might fail when entering negative DQS skew values. 
CRITICAL WARNING: [PSU-2]  Parameter : PCW_UIPARAM_DDR_DQS_TO_CLK_DELAY_1 has negative value -0.006 . PS DDR interfaces might fail when entering negative DQS skew values. 
CRITICAL WARNING: [PSU-3]  Parameter : PCW_UIPARAM_DDR_DQS_TO_CLK_DELAY_2 has negative value -0.009 . PS DDR interfaces might fail when entering negative DQS skew values. 
CRITICAL WARNING: [PSU-4]  Parameter : PCW_UIPARAM_DDR_DQS_TO_CLK_DELAY_3 has negative value -0.033 . PS DDR interfaces might fail when entering negative DQS skew values. 
startgroup
set_property -dict [list CONFIG.PCW_APU_PERIPHERAL_FREQMHZ {666.666666} CONFIG.PCW_QSPI_GRP_SINGLE_SS_ENABLE {1}] [get_bd_cells processing_system7_0]
CRITICAL WARNING: [PSU-1]  Parameter : PCW_UIPARAM_DDR_DQS_TO_CLK_DELAY_0 has negative value -0.051 . PS DDR interfaces might fail when entering negative DQS skew values. 
CRITICAL WARNING: [PSU-2]  Parameter : PCW_UIPARAM_DDR_DQS_TO_CLK_DELAY_1 has negative value -0.006 . PS DDR interfaces might fail when entering negative DQS skew values. 
CRITICAL WARNING: [PSU-3]  Parameter : PCW_UIPARAM_DDR_DQS_TO_CLK_DELAY_2 has negative value -0.009 . PS DDR interfaces might fail when entering negative DQS skew values. 
CRITICAL WARNING: [PSU-4]  Parameter : PCW_UIPARAM_DDR_DQS_TO_CLK_DELAY_3 has negative value -0.033 . PS DDR interfaces might fail when entering negative DQS skew values. 
endgroup
save_bd_design
Wrote  : </home/lijinming/xiaohe-env/xs-env/NutShell/fpga/board/pynq/build/myproject-pynq/myproject-pynq.srcs/sources_1/bd/system_top/system_top.bd> 
Wrote  : </home/lijinming/xiaohe-env/xs-env/NutShell/fpga/board/pynq/build/myproject-pynq/myproject-pynq.srcs/sources_1/bd/system_top/ui/bd_9edf8fa5.ui> 
Wrote  : </home/lijinming/xiaohe-env/xs-env/NutShell/fpga/board/pynq/build/myproject-pynq/myproject-pynq.srcs/sources_1/bd/system_top/ui/bd_b096ec45.ui> 
reset_run synth_1
reset_run system_top_processing_system7_0_0_synth_1
launch_runs impl_1 -to_step write_bitstream -jobs 20
INFO: [xilinx.com:ip:c_shift_ram:12.0-913] /rv_system/c_shift_ram_1 Width has been set to manual on the GUI. It will not be updated during validation with a propagated value.
INFO: [xilinx.com:ip:c_shift_ram:12.0-913] /rv_system/c_shift_ram_1 Width has been set to manual on the GUI. It will not be updated during validation with a propagated value.
INFO: [xilinx.com:ip:c_shift_ram:12.0-913] /rv_system/c_shift_ram_0 Width has been set to manual on the GUI. It will not be updated during validation with a propagated value.
INFO: [xilinx.com:ip:c_shift_ram:12.0-913] /rv_system/c_shift_ram_0 Width has been set to manual on the GUI. It will not be updated during validation with a propagated value.
WARNING: [BD 41-237] Bus Interface property BUSER_WIDTH does not match between /axi_interconnect_0/s00_couplers/auto_pc/S_AXI(0) and /axi_interconnect_0/s00_couplers/auto_cc/M_AXI(1)
WARNING: [BD 41-237] Bus Interface property AWUSER_WIDTH does not match between /processing_system7_0/S_AXI_HP0(0) and /axi_interconnect_0/s00_couplers/auto_pc/M_AXI(1)
WARNING: [BD 41-237] Bus Interface property ARUSER_WIDTH does not match between /processing_system7_0/S_AXI_HP0(0) and /axi_interconnect_0/s00_couplers/auto_pc/M_AXI(1)
WARNING: [BD 41-237] Bus Interface property RUSER_WIDTH does not match between /processing_system7_0/S_AXI_HP0(0) and /axi_interconnect_0/s00_couplers/auto_pc/M_AXI(1)
WARNING: [BD 41-237] Bus Interface property BUSER_WIDTH does not match between /processing_system7_0/S_AXI_HP0(0) and /axi_interconnect_0/s00_couplers/auto_pc/M_AXI(1)
WARNING: [BD 41-237] Bus Interface property AWUSER_WIDTH does not match between /axi_interconnect_2/s00_couplers/auto_ds/S_AXI(0) and /axi_interconnect_2/s00_couplers/auto_cc/M_AXI(1)
WARNING: [BD 41-237] Bus Interface property ARUSER_WIDTH does not match between /axi_interconnect_2/s00_couplers/auto_ds/S_AXI(0) and /axi_interconnect_2/s00_couplers/auto_cc/M_AXI(1)
WARNING: [BD 41-237] Bus Interface property RUSER_WIDTH does not match between /axi_interconnect_2/s00_couplers/auto_ds/S_AXI(0) and /axi_interconnect_2/s00_couplers/auto_cc/M_AXI(1)
WARNING: [BD 41-237] Bus Interface property BUSER_WIDTH does not match between /axi_interconnect_2/s00_couplers/auto_ds/S_AXI(0) and /axi_interconnect_2/s00_couplers/auto_cc/M_AXI(1)
WARNING: [BD 41-237] Bus Interface property AWUSER_WIDTH does not match between /rv_system/NutShell_0/io_frontend(1) and /rv_system/axi_protocol_convert_0/M_AXI(0)
WARNING: [BD 41-237] Bus Interface property ARUSER_WIDTH does not match between /rv_system/NutShell_0/io_frontend(1) and /rv_system/axi_protocol_convert_0/M_AXI(0)
WARNING: [BD 41-237] Bus Interface property RUSER_WIDTH does not match between /rv_system/NutShell_0/io_frontend(1) and /rv_system/axi_protocol_convert_0/M_AXI(0)
WARNING: [BD 41-237] Bus Interface property BUSER_WIDTH does not match between /rv_system/NutShell_0/io_frontend(1) and /rv_system/axi_protocol_convert_0/M_AXI(0)
WARNING: [BD 41-927] Following properties on pin /rv_system/NutShell_0/clock have been updated from connected ip. They may not be synchronized with cell properties. You can set property on pin directly to confirm the value and resolve the warning.
	CLK_DOMAIN=/hier_clkrst/clk_wiz_0_clk_out1 
Wrote  : </home/lijinming/xiaohe-env/xs-env/NutShell/fpga/board/pynq/build/myproject-pynq/myproject-pynq.srcs/sources_1/bd/system_top/system_top.bd> 
Wrote  : </home/lijinming/xiaohe-env/xs-env/NutShell/fpga/board/pynq/build/myproject-pynq/myproject-pynq.srcs/sources_1/bd/system_top/ui/bd_9edf8fa5.ui> 
Wrote  : </home/lijinming/xiaohe-env/xs-env/NutShell/fpga/board/pynq/build/myproject-pynq/myproject-pynq.srcs/sources_1/bd/system_top/ui/bd_b096ec45.ui> 
WARNING: [BD 41-235] Width mismatch when connecting pin: '/axi_interconnect_0/s00_couplers/auto_pc/m_axi_rid'(1) to net 'auto_pc_to_s00_couplers_RID'(6) - Only lower order bits will be connected.
WARNING: [BD 41-235] Width mismatch when connecting pin: '/axi_interconnect_0/s00_couplers/auto_pc/m_axi_bid'(1) to net 'auto_pc_to_s00_couplers_BID'(6) - Only lower order bits will be connected.
WARNING: [BD 41-235] Width mismatch when connecting pin: '/processing_system7_0/S_AXI_HP0_AWID'(6) to net 'axi_interconnect_0_M00_AXI_AWID'(1) - Only lower order bits will be connected.
WARNING: [BD 41-235] Width mismatch when connecting pin: '/processing_system7_0/S_AXI_HP0_WID'(6) to net 'axi_interconnect_0_M00_AXI_WID'(1) - Only lower order bits will be connected.
WARNING: [BD 41-235] Width mismatch when connecting pin: '/processing_system7_0/S_AXI_HP0_ARID'(6) to net 'axi_interconnect_0_M00_AXI_ARID'(1) - Only lower order bits will be connected.
VHDL Output written to : /home/lijinming/xiaohe-env/xs-env/NutShell/fpga/board/pynq/build/myproject-pynq/myproject-pynq.srcs/sources_1/bd/system_top/synth/system_top.v
WARNING: [BD 41-235] Width mismatch when connecting pin: '/axi_interconnect_0/s00_couplers/auto_pc/m_axi_rid'(1) to net 'auto_pc_to_s00_couplers_RID'(6) - Only lower order bits will be connected.
WARNING: [BD 41-235] Width mismatch when connecting pin: '/axi_interconnect_0/s00_couplers/auto_pc/m_axi_bid'(1) to net 'auto_pc_to_s00_couplers_BID'(6) - Only lower order bits will be connected.
WARNING: [BD 41-235] Width mismatch when connecting pin: '/processing_system7_0/S_AXI_HP0_AWID'(6) to net 'axi_interconnect_0_M00_AXI_AWID'(1) - Only lower order bits will be connected.
WARNING: [BD 41-235] Width mismatch when connecting pin: '/processing_system7_0/S_AXI_HP0_WID'(6) to net 'axi_interconnect_0_M00_AXI_WID'(1) - Only lower order bits will be connected.
WARNING: [BD 41-235] Width mismatch when connecting pin: '/processing_system7_0/S_AXI_HP0_ARID'(6) to net 'axi_interconnect_0_M00_AXI_ARID'(1) - Only lower order bits will be connected.
VHDL Output written to : /home/lijinming/xiaohe-env/xs-env/NutShell/fpga/board/pynq/build/myproject-pynq/myproject-pynq.srcs/sources_1/bd/system_top/sim/system_top.v
VHDL Output written to : /home/lijinming/xiaohe-env/xs-env/NutShell/fpga/board/pynq/build/myproject-pynq/myproject-pynq.srcs/sources_1/bd/system_top/hdl/system_top_wrapper.v
Wrote  : </home/lijinming/xiaohe-env/xs-env/NutShell/fpga/board/pynq/build/myproject-pynq/myproject-pynq.srcs/sources_1/bd/system_top/ui/bd_9edf8fa5.ui> 
Wrote  : </home/lijinming/xiaohe-env/xs-env/NutShell/fpga/board/pynq/build/myproject-pynq/myproject-pynq.srcs/sources_1/bd/system_top/ui/bd_b096ec45.ui> 
INFO: [BD 41-1029] Generation completed for the IP Integrator block axi_interconnect_1/xbar .
INFO: [BD 41-1029] Generation completed for the IP Integrator block hier_clkrst/axi_gpio_0 .
INFO: [BD 41-1029] Generation completed for the IP Integrator block hier_clkrst/clk_wiz_0 .
INFO: [BD 41-1029] Generation completed for the IP Integrator block hier_clkrst/uncorerst .
INFO: [BD 41-1029] Generation completed for the IP Integrator block processing_system7_0 .
INFO: [BD 41-1029] Generation completed for the IP Integrator block rv_system/NutShell_0 .
INFO: [BD 41-1029] Generation completed for the IP Integrator block rv_system/axi_protocol_convert_0 .
INFO: [BD 41-1029] Generation completed for the IP Integrator block rv_system/axi_protocol_convert_1 .
INFO: [BD 41-1029] Generation completed for the IP Integrator block rv_system/c_shift_ram_0 .
INFO: [BD 41-1029] Generation completed for the IP Integrator block rv_system/c_shift_ram_1 .
INFO: [BD 41-1029] Generation completed for the IP Integrator block rv_system/util_vector_logic_0 .
INFO: [BD 41-1029] Generation completed for the IP Integrator block xlconcat_0 .
WARNING: [IP_Flow 19-4994] Overwriting existing constraint file '/home/lijinming/xiaohe-env/xs-env/NutShell/fpga/board/pynq/build/myproject-pynq/myproject-pynq.srcs/sources_1/bd/system_top/ip/system_top_auto_cc_0/system_top_auto_cc_0_ooc.xdc'
INFO: [BD 41-1029] Generation completed for the IP Integrator block axi_interconnect_0/s00_couplers/auto_cc .
WARNING: [IP_Flow 19-4994] Overwriting existing constraint file '/home/lijinming/xiaohe-env/xs-env/NutShell/fpga/board/pynq/build/myproject-pynq/myproject-pynq.srcs/sources_1/bd/system_top/ip/system_top_auto_pc_0/system_top_auto_pc_0_ooc.xdc'
INFO: [BD 41-1029] Generation completed for the IP Integrator block axi_interconnect_0/s00_couplers/auto_pc .
WARNING: [IP_Flow 19-4994] Overwriting existing constraint file '/home/lijinming/xiaohe-env/xs-env/NutShell/fpga/board/pynq/build/myproject-pynq/myproject-pynq.srcs/sources_1/bd/system_top/ip/system_top_auto_pc_2/system_top_auto_pc_2_ooc.xdc'
INFO: [BD 41-1029] Generation completed for the IP Integrator block axi_interconnect_1/s00_couplers/auto_pc .
WARNING: [IP_Flow 19-4994] Overwriting existing constraint file '/home/lijinming/xiaohe-env/xs-env/NutShell/fpga/board/pynq/build/myproject-pynq/myproject-pynq.srcs/sources_1/bd/system_top/ip/system_top_auto_us_0/system_top_auto_us_0_ooc.xdc'
INFO: [BD 41-1029] Generation completed for the IP Integrator block axi_interconnect_1/s00_couplers/auto_us .
WARNING: [IP_Flow 19-4994] Overwriting existing constraint file '/home/lijinming/xiaohe-env/xs-env/NutShell/fpga/board/pynq/build/myproject-pynq/myproject-pynq.srcs/sources_1/bd/system_top/ip/system_top_auto_ds_0/system_top_auto_ds_0_ooc.xdc'
INFO: [BD 41-1029] Generation completed for the IP Integrator block axi_interconnect_1/m00_couplers/auto_ds .
WARNING: [IP_Flow 19-4994] Overwriting existing constraint file '/home/lijinming/xiaohe-env/xs-env/NutShell/fpga/board/pynq/build/myproject-pynq/myproject-pynq.srcs/sources_1/bd/system_top/ip/system_top_auto_pc_1/system_top_auto_pc_1_ooc.xdc'
INFO: [BD 41-1029] Generation completed for the IP Integrator block axi_interconnect_1/m00_couplers/auto_pc .
WARNING: [IP_Flow 19-4994] Overwriting existing constraint file '/home/lijinming/xiaohe-env/xs-env/NutShell/fpga/board/pynq/build/myproject-pynq/myproject-pynq.srcs/sources_1/bd/system_top/ip/system_top_auto_cc_1/system_top_auto_cc_1_ooc.xdc'
INFO: [BD 41-1029] Generation completed for the IP Integrator block axi_interconnect_1/m01_couplers/auto_cc .
WARNING: [IP_Flow 19-4994] Overwriting existing constraint file '/home/lijinming/xiaohe-env/xs-env/NutShell/fpga/board/pynq/build/myproject-pynq/myproject-pynq.srcs/sources_1/bd/system_top/ip/system_top_auto_cc_2/system_top_auto_cc_2_ooc.xdc'
INFO: [BD 41-1029] Generation completed for the IP Integrator block axi_interconnect_2/s00_couplers/auto_cc .
WARNING: [IP_Flow 19-4994] Overwriting existing constraint file '/home/lijinming/xiaohe-env/xs-env/NutShell/fpga/board/pynq/build/myproject-pynq/myproject-pynq.srcs/sources_1/bd/system_top/ip/system_top_auto_ds_1/system_top_auto_ds_1_ooc.xdc'
INFO: [BD 41-1029] Generation completed for the IP Integrator block axi_interconnect_2/s00_couplers/auto_ds .
WARNING: [IP_Flow 19-4994] Overwriting existing constraint file '/home/lijinming/xiaohe-env/xs-env/NutShell/fpga/board/pynq/build/myproject-pynq/myproject-pynq.srcs/sources_1/bd/system_top/ip/system_top_auto_pc_3/system_top_auto_pc_3_ooc.xdc'
INFO: [BD 41-1029] Generation completed for the IP Integrator block axi_interconnect_2/s00_couplers/auto_pc .
Exporting to file /home/lijinming/xiaohe-env/xs-env/NutShell/fpga/board/pynq/build/myproject-pynq/myproject-pynq.srcs/sources_1/bd/system_top/hw_handoff/system_top.hwh
Generated Block Design Tcl file /home/lijinming/xiaohe-env/xs-env/NutShell/fpga/board/pynq/build/myproject-pynq/myproject-pynq.srcs/sources_1/bd/system_top/hw_handoff/system_top_bd.tcl
Generated Hardware Definition File /home/lijinming/xiaohe-env/xs-env/NutShell/fpga/board/pynq/build/myproject-pynq/myproject-pynq.srcs/sources_1/bd/system_top/synth/system_top.hwdef
INFO: [IP_Flow 19-4993] Using cached IP synthesis design for IP system_top_auto_cc_0, cache-ID = 482df7765d240728; cache size = 16.968 MB.
INFO: [IP_Flow 19-4993] Using cached IP synthesis design for IP system_top_auto_cc_1, cache-ID = 46763963e6d4acdb; cache size = 16.968 MB.
INFO: [IP_Flow 19-4993] Using cached IP synthesis design for IP system_top_auto_cc_2, cache-ID = 482df7765d240728; cache size = 16.968 MB.
INFO: [IP_Flow 19-4993] Using cached IP synthesis design for IP system_top_auto_ds_0, cache-ID = d2d9550aa450dac5; cache size = 16.968 MB.
INFO: [IP_Flow 19-4993] Using cached IP synthesis design for IP system_top_auto_ds_1, cache-ID = ea3cd504161402ce; cache size = 16.968 MB.
INFO: [IP_Flow 19-4993] Using cached IP synthesis design for IP system_top_auto_pc_0, cache-ID = 9235733dae165819; cache size = 16.968 MB.
INFO: [IP_Flow 19-4993] Using cached IP synthesis design for IP system_top_auto_pc_1, cache-ID = 8e4a7e81b8c3881a; cache size = 16.968 MB.
INFO: [IP_Flow 19-4993] Using cached IP synthesis design for IP system_top_auto_pc_2, cache-ID = 4ac82e73754102c5; cache size = 16.968 MB.
INFO: [IP_Flow 19-4993] Using cached IP synthesis design for IP system_top_auto_pc_3, cache-ID = aecc14e4a02c5dec; cache size = 16.968 MB.
INFO: [IP_Flow 19-4993] Using cached IP synthesis design for IP system_top_auto_us_0, cache-ID = a23bac5738fd9b70; cache size = 16.968 MB.
[Wed Feb 11 06:57:31 2026] Launched system_top_processing_system7_0_0_synth_1, synth_1...
Run output will be captured here:
system_top_processing_system7_0_0_synth_1: /home/lijinming/xiaohe-env/xs-env/NutShell/fpga/board/pynq/build/myproject-pynq/myproject-pynq.runs/system_top_processing_system7_0_0_synth_1/runme.log
synth_1: /home/lijinming/xiaohe-env/xs-env/NutShell/fpga/board/pynq/build/myproject-pynq/myproject-pynq.runs/synth_1/runme.log
[Wed Feb 11 06:57:31 2026] Launched impl_1...
Run output will be captured here: /home/lijinming/xiaohe-env/xs-env/NutShell/fpga/board/pynq/build/myproject-pynq/myproject-pynq.runs/impl_1/runme.log
launch_runs: Time (s): cpu = 00:00:46 ; elapsed = 00:00:34 . Memory (MB): peak = 9171.969 ; gain = 0.000 ; free physical = 249973 ; free virtual = 254310
file copy -force /home/lijinming/xiaohe-env/xs-env/NutShell/fpga/board/pynq/build/myproject-pynq/myproject-pynq.runs/impl_1/system_top_wrapper.sysdef /home/lijinming/xiaohe-env/xs-env/NutShell/fpga/board/pynq/build/myproject-pynq/myproject-pynq.sdk/system_top_wrapper.hdf

launch_sdk -workspace /home/lijinming/xiaohe-env/xs-env/NutShell/fpga/board/pynq/build/myproject-pynq/myproject-pynq.sdk -hwspec /home/lijinming/xiaohe-env/xs-env/NutShell/fpga/board/pynq/build/myproject-pynq/myproject-pynq.sdk/system_top_wrapper.hdf
INFO: [Vivado 12-393] Launching SDK...
INFO: [Vivado 12-417] Running xsdk -workspace /home/lijinming/xiaohe-env/xs-env/NutShell/fpga/board/pynq/build/myproject-pynq/myproject-pynq.sdk -hwspec /home/lijinming/xiaohe-env/xs-env/NutShell/fpga/board/pynq/build/myproject-pynq/myproject-pynq.sdk/system_top_wrapper.hdf
INFO: [Vivado 12-3157] SDK launch initiated. Please check console for any further messages.
file copy -force /home/lijinming/xiaohe-env/xs-env/NutShell/fpga/board/pynq/build/myproject-pynq/myproject-pynq.runs/impl_1/system_top_wrapper.sysdef /home/lijinming/xiaohe-env/xs-env/NutShell/fpga/board/pynq/build/myproject-pynq/myproject-pynq.sdk/system_top_wrapper.hdf

launch_sdk -workspace /home/lijinming/xiaohe-env/xs-env/NutShell/fpga/board/pynq/build/myproject-pynq/myproject-pynq.sdk -hwspec /home/lijinming/xiaohe-env/xs-env/NutShell/fpga/board/pynq/build/myproject-pynq/myproject-pynq.sdk/system_top_wrapper.hdf
INFO: [Vivado 12-393] Launching SDK...
INFO: [Vivado 12-417] Running xsdk -workspace /home/lijinming/xiaohe-env/xs-env/NutShell/fpga/board/pynq/build/myproject-pynq/myproject-pynq.sdk -hwspec /home/lijinming/xiaohe-env/xs-env/NutShell/fpga/board/pynq/build/myproject-pynq/myproject-pynq.sdk/system_top_wrapper.hdf
INFO: [Vivado 12-3157] SDK launch initiated. Please check console for any further messages.
file copy -force /home/lijinming/xiaohe-env/xs-env/NutShell/fpga/board/pynq/build/myproject-pynq/myproject-pynq.runs/impl_1/system_top_wrapper.sysdef /home/lijinming/xiaohe-env/xs-env/NutShell/fpga/board/pynq/build/myproject-pynq/myproject-pynq.sdk/system_top_wrapper.hdf

launch_sdk -workspace /home/lijinming/xiaohe-env/xs-env/NutShell/fpga/board/pynq/build/myproject-pynq/myproject-pynq.sdk -hwspec /home/lijinming/xiaohe-env/xs-env/NutShell/fpga/board/pynq/build/myproject-pynq/myproject-pynq.sdk/system_top_wrapper.hdf
INFO: [Vivado 12-393] Launching SDK...
INFO: [Vivado 12-417] Running xsdk -workspace /home/lijinming/xiaohe-env/xs-env/NutShell/fpga/board/pynq/build/myproject-pynq/myproject-pynq.sdk -hwspec /home/lijinming/xiaohe-env/xs-env/NutShell/fpga/board/pynq/build/myproject-pynq/myproject-pynq.sdk/system_top_wrapper.hdf
INFO: [Vivado 12-3157] SDK launch initiated. Please check console for any further messages.
exit
INFO: [Common 17-206] Exiting Vivado at Wed Feb 11 07:31:52 2026...
